
> stock-keeping-app-fe@0.1.0 build
> NEXT_PUBLIC_API_BASE_URL=https://api.staging.soma.emerj.net next build

   ▲ Next.js 15.2.5
   - Environments: .env.local

   Creating an optimized production build ...
 ✓ Compiled successfully
   Linting and checking validity of types ...

./src/app/api/products/route.ts
2:43  Warning: 'getOrganizationId' is defined but never used.  @typescript-eslint/no-unused-vars

./src/app/dashboard/products/add-product/page.tsx
79:5  Warning: Expected an assignment or function call and instead saw an expression.  @typescript-eslint/no-unused-expressions
358:9  Warning: Using `<img>` could result in slower LCP and higher bandwidth. Consider using `<Image />` from `next/image` or a custom image loader to automatically optimize images. This may incur additional usage or cost from your provider. See: https://nextjs.org/docs/messages/no-img-element  @next/next/no-img-element

./src/app/dashboard/products/edit/[id]/page.tsx
344:7  Warning: Using `<img>` could result in slower LCP and higher bandwidth. Consider using `<Image />` from `next/image` or a custom image loader to automatically optimize images. This may incur additional usage or cost from your provider. See: https://nextjs.org/docs/messages/no-img-element  @next/next/no-img-element

./src/app/dashboard/products/page.tsx
8:8  Warning: 'ProductFilters' is defined but never used.  @typescript-eslint/no-unused-vars

./src/components/app/OrganizationsGrid.tsx
7:3  Warning: 'Package' is defined but never used.  @typescript-eslint/no-unused-vars

./src/components/dashboard/RecentProductsTable.tsx
29:9  Warning: 'paginatedProducts' is assigned a value but never used.  @typescript-eslint/no-unused-vars

./src/components/dashboard/products/CheckInAside.tsx
4:13  Warning: 'Camera' is defined but never used.  @typescript-eslint/no-unused-vars
5:8  Warning: 'Image' is defined but never used.  @typescript-eslint/no-unused-vars
49:17  Warning: 'json' is assigned a value but never used.  @typescript-eslint/no-unused-vars
71:8  Warning: React Hook useEffect has a missing dependency: 'users'. Either include it or remove the dependency array.  react-hooks/exhaustive-deps
80:9  Warning: 'handleRemovePhoto' is assigned a value but never used.  @typescript-eslint/no-unused-vars
87:9  Warning: 'handleTakePhoto' is assigned a value but never used.  @typescript-eslint/no-unused-vars

./src/components/dashboard/products/CheckOutAside.tsx
45:15  Warning: 'json' is assigned a value but never used.  @typescript-eslint/no-unused-vars
66:6  Warning: React Hook useEffect has a missing dependency: 'users'. Either include it or remove the dependency array.  react-hooks/exhaustive-deps

./src/components/dashboard/products/Pagination.tsx
21:11  Warning: 'products' is assigned a value but never used.  @typescript-eslint/no-unused-vars
21:57  Warning: 'filters' is assigned a value but never used.  @typescript-eslint/no-unused-vars

./src/components/dashboard/products/ProductTable.tsx
121:8  Warning: 'getPaginatedProducts' is assigned a value but never used.  @typescript-eslint/no-unused-vars

./src/types/user.ts
1:11  Warning: 'User' is defined but never used.  @typescript-eslint/no-unused-vars

info  - Need to disable some ESLint rules? Learn more here: https://nextjs.org/docs/app/api-reference/config/eslint#disabling-rules
   Collecting page data ...
   Generating static pages (0/49) ...
   Generating static pages (12/49) 
TypeError: Cannot read properties of undefined (reading 'call')
    at Object.t [as require] (.next/server/webpack-runtime.js:1:143)
    at JSON.parse (<anonymous>)
Error occurred prerendering page "/_not-found". Read more: https://nextjs.org/docs/messages/prerender-error
TypeError: Cannot read properties of undefined (reading 'call')
    at Object.t [as require] (/Users/michaelbassey/Documents/GitHub/stock-keeping-app-fe/.next/server/webpack-runtime.js:1:143)
    at require (/Users/michaelbassey/Documents/GitHub/stock-keeping-app-fe/node_modules/next/dist/compiled/next-server/app-page.runtime.prod.js:133:10079)
    at u (/Users/michaelbassey/Documents/GitHub/stock-keeping-app-fe/node_modules/next/dist/compiled/next-server/app-page.runtime.prod.js:92:646)
    at U (/Users/michaelbassey/Documents/GitHub/stock-keeping-app-fe/node_modules/next/dist/compiled/next-server/app-page.runtime.prod.js:92:10492)
    at W (/Users/michaelbassey/Documents/GitHub/stock-keeping-app-fe/node_modules/next/dist/compiled/next-server/app-page.runtime.prod.js:92:13199)
    at /Users/michaelbassey/Documents/GitHub/stock-keeping-app-fe/node_modules/next/dist/compiled/next-server/app-page.runtime.prod.js:92:15489
    at Z._fromJSON (/Users/michaelbassey/Documents/GitHub/stock-keeping-app-fe/node_modules/next/dist/compiled/next-server/app-page.runtime.prod.js:92:15523)
    at JSON.parse (<anonymous>)
    at L (/Users/michaelbassey/Documents/GitHub/stock-keeping-app-fe/node_modules/next/dist/compiled/next-server/app-page.runtime.prod.js:92:10216)
    at N (/Users/michaelbassey/Documents/GitHub/stock-keeping-app-fe/node_modules/next/dist/compiled/next-server/app-page.runtime.prod.js:92:9533)
Export encountered an error on /_not-found/page: /_not-found, exiting the build.
 ⨯ Next.js build worker exited with code: 1 and signal: null
